{"id":null,"pits":[{"rocks":4,"player":1,"isBigPit":false},{"rocks":4,"player":1,"isBigPit":false},{"rocks":4,"player":1,"isBigPit":false},{"rocks":4,"player":1,"isBigPit":false},{"rocks":4,"player":1,"isBigPit":false},{"rocks":4,"player":1,"isBigPit":false},{"rocks":0,"player":1,"isBigPit":true},{"rocks":4,"player":2,"isBigPit":false},{"rocks":4,"player":2,"isBigPit":false},{"rocks":4,"player":2,"isBigPit":false},{"rocks":4,"player":2,"isBigPit":false},{"rocks":4,"player":2,"isBigPit":false},{"rocks":4,"player":2,"isBigPit":false},{"rocks":0,"player":2,"isBigPit":true}],"currentPlayer":1,"winner":null,"gameOver":false}
